============================= test session starts =============================
platform win32 -- Python 3.9.10, pytest-8.0.0, pluggy-1.6.0 -- C:\Users\test\AppData\Local\Programs\Python\Python39\python.exe
cachedir: .pytest_cache
rootdir: C:\Users\test\OneDrive\Desktop\COLABMATCH\backend
configfile: pyproject.toml
plugins: anyio-3.7.1, dash-3.1.1, Faker-20.0.3, asyncio-0.23.3, cov-4.1.0, mock-3.12.0
asyncio: mode=strict
collecting ... collected 1 item

tests/integration/test_full_user_journey.py::test_full_user_journey FAILED [100%]

================================== FAILURES ===================================
___________________________ test_full_user_journey ____________________________

client = <httpx.AsyncClient object at 0x0000021A3FD80CD0>
db = AsyncIOMotorDatabase(Database(MongoClient(host=['localhost:27017'], document_class=dict, tz_aware=False, connect=False, driver=DriverInfo(name='Motor', version='3.3.2', platform='asyncio')), 'alliv_test_pytest'))

    @pytest.mark.asyncio
    async def test_full_user_journey(client: AsyncClient, db):
        """
        Test the full user journey:
        1. Register User A & User B
        2. User A updates profile
        3. User A creates a post
        4. User B likes the post
        5. User B sends connection request to User A
        6. User A accepts connection request
        7. User A sends message to User B
        8. Check stats
        """
    
        # --- 1. Registration ---
        user_a_data = {
            "email": "alice@example.com",
            "password": "Password123!",
            "name": "Alice Engineer"
        }
        user_b_data = {
            "email": "bob@example.com",
            "password": "Password123!",
            "name": "Bob Designer"
        }
    
        # Register User A
        resp_a = await client.post("/auth/register", json=user_a_data)
>       assert resp_a.status_code == 201
E       assert 200 == 201
E        +  where 200 = <Response [200 OK]>.status_code

tests\integration\test_full_user_journey.py:33: AssertionError
---------------------------- Captured stdout call -----------------------------
2025-11-19 01:24:04,931 - alliv - WARNING - SMTP_URL not configured - using development fallback\n\n==================================================\n\U0001f4e7 MOCK EMAIL TO: alice@example.com\nSUBJECT: Alliv \u2014 Verify your email\n--------------------------------------------------\n\nHi Alice Engineer!\n\nHere's your Alliv verification code:\n803 512\n\nOr verify with one tap:\nhttp://localhost:8080/verify-email?token=inuctKSfz0RoLwRG8zzcbJmb2DBdOZ-mTEJpXwSfcOE\n\nThis code/link expires in 10 minutes. If this wasn't you, ignore this email.\n\n\u2014 Alliv Security\n\xa9 2025 Alliv. All rights reserved.\n    \n==================================================\n\n2025-11-19 01:24:04,934 - alliv - INFO - POST /auth/register
------------------------------ Captured log call ------------------------------
WARNING  alliv:email_utils.py:91 SMTP_URL not configured - using development fallback
INFO     alliv:main.py:152 POST /auth/register
============================== warnings summary ===============================
..\..\..\..\AppData\Local\Programs\Python\Python39\lib\site-packages\pydantic\fields.py:826: 29 warnings
  C:\Users\test\AppData\Local\Programs\Python\Python39\lib\site-packages\pydantic\fields.py:826: PydanticDeprecatedSince20: Using extra keyword arguments on `Field` is deprecated and will be removed. Use `json_schema_extra` instead. (Extra keys: 'env'). Deprecated in Pydantic V2.0 to be removed in V3.0. See Pydantic V2 Migration Guide at https://errors.pydantic.dev/2.9/migration/
    warn(

app\routers\profile.py:78
  C:\Users\test\OneDrive\Desktop\COLABMATCH\backend\app\routers\profile.py:78: PydanticDeprecatedSince20: Pydantic V1 style `@validator` validators are deprecated. You should migrate to Pydantic V2 style `@field_validator` validators, see the migration guide for more details. Deprecated in Pydantic V2.0 to be removed in V3.0. See Pydantic V2 Migration Guide at https://errors.pydantic.dev/2.9/migration/
    @validator('name')

app\routers\profile.py:88
  C:\Users\test\OneDrive\Desktop\COLABMATCH\backend\app\routers\profile.py:88: PydanticDeprecatedSince20: Pydantic V1 style `@validator` validators are deprecated. You should migrate to Pydantic V2 style `@field_validator` validators, see the migration guide for more details. Deprecated in Pydantic V2.0 to be removed in V3.0. See Pydantic V2 Migration Guide at https://errors.pydantic.dev/2.9/migration/
    @validator('bio')

app\routers\profile.py:96
  C:\Users\test\OneDrive\Desktop\COLABMATCH\backend\app\routers\profile.py:96: PydanticDeprecatedSince20: Pydantic V1 style `@validator` validators are deprecated. You should migrate to Pydantic V2 style `@field_validator` validators, see the migration guide for more details. Deprecated in Pydantic V2.0 to be removed in V3.0. See Pydantic V2 Migration Guide at https://errors.pydantic.dev/2.9/migration/
    @validator('goals')

app\routers\profile.py:104
  C:\Users\test\OneDrive\Desktop\COLABMATCH\backend\app\routers\profile.py:104: PydanticDeprecatedSince20: Pydantic V1 style `@validator` validators are deprecated. You should migrate to Pydantic V2 style `@field_validator` validators, see the migration guide for more details. Deprecated in Pydantic V2.0 to be removed in V3.0. See Pydantic V2 Migration Guide at https://errors.pydantic.dev/2.9/migration/
    @validator('age')

app\routers\profile.py:111
  C:\Users\test\OneDrive\Desktop\COLABMATCH\backend\app\routers\profile.py:111: PydanticDeprecatedSince20: Pydantic V1 style `@validator` validators are deprecated. You should migrate to Pydantic V2 style `@field_validator` validators, see the migration guide for more details. Deprecated in Pydantic V2.0 to be removed in V3.0. See Pydantic V2 Migration Guide at https://errors.pydantic.dev/2.9/migration/
    @validator('visibility')

..\..\..\..\AppData\Local\Programs\Python\Python39\lib\site-packages\pydantic\_internal\_config.py:291: 14 warnings
  C:\Users\test\AppData\Local\Programs\Python\Python39\lib\site-packages\pydantic\_internal\_config.py:291: PydanticDeprecatedSince20: Support for class-based `config` is deprecated, use ConfigDict instead. Deprecated in Pydantic V2.0 to be removed in V3.0. See Pydantic V2 Migration Guide at https://errors.pydantic.dev/2.9/migration/
    warnings.warn(DEPRECATION_MESSAGE, DeprecationWarning)

..\..\..\..\AppData\Local\Programs\Python\Python39\lib\site-packages\pydantic\fields.py:801
..\..\..\..\AppData\Local\Programs\Python\Python39\lib\site-packages\pydantic\fields.py:801
..\..\..\..\AppData\Local\Programs\Python\Python39\lib\site-packages\pydantic\fields.py:801
  C:\Users\test\AppData\Local\Programs\Python\Python39\lib\site-packages\pydantic\fields.py:801: PydanticDeprecatedSince20: `max_items` is deprecated and will be removed, use `max_length` instead. Deprecated in Pydantic V2.0 to be removed in V3.0. See Pydantic V2 Migration Guide at https://errors.pydantic.dev/2.9/migration/
    warn('`max_items` is deprecated and will be removed, use `max_length` instead', DeprecationWarning)

app\routers\feed.py:82
  C:\Users\test\OneDrive\Desktop\COLABMATCH\backend\app\routers\feed.py:82: DeprecationWarning: `regex` has been deprecated, please use `pattern` instead
    filter_type: Optional[str] = Query(None, regex="^(all|following|trending|industry)$"),

app\routers\connections.py:164
  C:\Users\test\OneDrive\Desktop\COLABMATCH\backend\app\routers\connections.py:164: DeprecationWarning: `regex` has been deprecated, please use `pattern` instead
    filter_type: Optional[str] = Query(None, regex="^(active|inactive|all|recent)$"),

app\routers\connections.py:168
  C:\Users\test\OneDrive\Desktop\COLABMATCH\backend\app\routers\connections.py:168: DeprecationWarning: `regex` has been deprecated, please use `pattern` instead
    sort_by: str = Query("recent", regex="^(recent|name|interaction|mutual)$"),

app\routers\connections.py:692
  C:\Users\test\OneDrive\Desktop\COLABMATCH\backend\app\routers\connections.py:692: DeprecationWarning: `regex` has been deprecated, please use `pattern` instead
    format: str = Query("csv", regex="^(csv|json)$"),

-- Docs: https://docs.pytest.org/en/stable/how-to/capture-warnings.html
=========================== short test summary info ===========================
FAILED tests/integration/test_full_user_journey.py::test_full_user_journey - ...
======================= 1 failed, 55 warnings in 3.24s ========================
